docker.exe : #0 building with "desktop-linux" instance using docker driver
At C:\Users\twent\OneDrive\Apps\divinaluz\scripts\docker-comum.ps1:110 char:18
+         $saida = & $exe @resto 2>&1 | Out-String
+                  ~~~~~~~~~~~~~~~~~~
    + CategoryInfo          : NotSpecified: (#0 building wit...g docker driver:String) [], RemoteException
    + FullyQualifiedErrorId : NativeCommandError
 

#1 [internal] load build definition from Dockerfile
#1 transferring dockerfile: 2.31kB 0.0s done
#1 DONE 0.0s

#2 [internal] load metadata for docker.io/library/eclipse-temurin:25-jre
#2 ...

#3 [auth] library/maven:pull token for registry-1.docker.io
#3 DONE 0.0s

#4 [auth] library/eclipse-temurin:pull token for registry-1.docker.io
#4 DONE 0.0s

#5 [internal] load metadata for docker.io/library/maven:3.9-eclipse-temurin-25
#5 ...

#2 [internal] load metadata for docker.io/library/eclipse-temurin:25-jre
#2 DONE 0.9s

#5 [internal] load metadata for docker.io/library/maven:3.9-eclipse-temurin-25
#5 DONE 0.9s

#6 [internal] load .dockerignore
#6 transferring context: 85B done
#6 DONE 0.0s

#7 [stage-1 1/5] FROM 
docker.io/library/eclipse-temurin:25-jre@sha256:fcd7fd7b387f94bb2ac461478a7436ad8e349924c374ea8313919624dceae636
#7 resolve 
docker.io/library/eclipse-temurin:25-jre@sha256:fcd7fd7b387f94bb2ac461478a7436ad8e349924c374ea8313919624dceae636 0.0s 
done
#7 DONE 0.1s

#8 [build 1/6] FROM 
docker.io/library/maven:3.9-eclipse-temurin-25@sha256:93b8a14ea2f412782e4e842651273b4d903e35cc496284f178fbbe2d67d00976
#8 resolve 
docker.io/library/maven:3.9-eclipse-temurin-25@sha256:93b8a14ea2f412782e4e842651273b4d903e35cc496284f178fbbe2d67d00976 
0.0s done
#8 DONE 0.1s

#9 [internal] load build context
#9 transferring context: 12.39kB 0.0s done
#9 DONE 0.0s

#10 [build 2/6] WORKDIR /app
#10 CACHED

#11 [build 3/6] COPY pom.xml .
#11 CACHED

#12 [build 4/6] RUN mvn -q -B dependency:go-offline
#12 CACHED

#13 [stage-1 4/5] RUN java -Djarmode=tools -jar app.jar extract --destination aplicacao && rm app.jar
#13 CACHED

#14 [build 5/6] COPY src ./src
#14 CACHED

#15 [stage-1 2/5] WORKDIR /app
#15 CACHED

#16 [build 6/6] RUN mvn -q -B package -DskipTests
#16 CACHED

#17 [stage-1 3/5] COPY --from=build /app/target/divinaluz-*.jar app.jar
#17 CACHED

#18 [stage-1 5/5] RUN java -XX:ArchiveClassesAtExit=aplicacao/app.jsa -Dspring.context.exit=onRefresh         
-Dspring.main.lazy-initialization=false         -Dspring.flyway.enabled=false -Dspring.jpa.hibernate.ddl-auto=none     
    -Dspring.jpa.properties.hibernate.boot.allow_jdbc_metadata_access=false         
-Dspring.jpa.database-platform=org.hibernate.dialect.PostgreSQLDialect         
-Dspring.datasource.hikari.initialization-fail-timeout=-1         -jar aplicacao/app.jar
#18 CACHED

#19 exporting to image
#19 exporting layers done
#19 exporting manifest sha256:dd216b80d048575223c4b9004f8fd32897b2467dcd573a4fd9bf1d668042c7af done
#19 exporting config sha256:d85d39f9e4d822150c0736ce93779a06510cf06e8cf7133923d2ca2cf5b684c6 done
#19 exporting attestation manifest sha256:5bafcad5882c13bc37913ad1a4e8e1334d536cc1f4b08464c74584b63bf679a3
#19 exporting attestation manifest sha256:5bafcad5882c13bc37913ad1a4e8e1334d536cc1f4b08464c74584b63bf679a3 0.0s done
#19 exporting manifest list sha256:28718cea67b71164cba616da560c8214406294df6db4a15822fb20a149ae9b7d 0.0s done
#19 naming to docker.io/library/divinaluz:local done
#19 unpacking to docker.io/library/divinaluz:local 0.0s done
#19 DONE 0.2s

